jeportie@minishell $> echo hello
hello
0
jeportie@minishell $> ls
process_outputs.sh  remove_escape_codes.sh  run_bash.expect  run_minishell.expect  run_test.sh	test_commands.txt
0
jeportie@minishell $> touch test
0
jeportie@minishell $> echo hello > test
hello
0
jeportie@minishell $> cat -e test
0
jeportie@minishell $> rm test
0
jeportie@minishell $> expr $? + $?
0
1
jeportie@minishell $> /bin/ls
process_outputs.sh  remove_escape_codes.sh  run_bash.expect  run_minishell.expect  run_test.sh	test_commands.txt
0
jeportie@minishell $> /usr/bin/cat lib
/usr/bin/cat: lib: No such file or directory
1
jeportie@minishell $> /usr/bin/cat -e lib
/usr/bin/cat: lib: No such file or directory
1
jeportie@minishell $> /bin/ls-l
minishell: command not found: /bin/ls-l
127
jeportie@minishell $> /usr/bin/cat-e
minishell: command not found: /usr/bin/cat-e
127
