jeportie@minishell $> echo hello
hello
0
jeportie@minishell $> ls
touch test
bash_output.txt  minishell_output.txt  process_outputs.sh  remove_escape_codes.sh  run_bash.expect  run_minishell.expect  run_test.sh  test  test_commands.txt
0
jeportie@minishell $> touch test
0
jeportie@minishell $> echo hello > test
0
jeportie@minishell $> cat -e test
hello$
0
jeportie@minishell $> expr $? + $?
0
1
jeportie@minishell $> /bin/ls
bash_output.txt  minishell_output.txt  process_outputs.sh  remove_escape_codes.sh  run_bash.expect  run_minishell.expect  run_test.sh  test  test_commands.txt
0
jeportie@minishell $> /bin/ls -l
total 40
-rw-r--r-- 1 root root  1631 Dec  3 13:02 bash_output.txt
-rw-r--r-- 1 root root     0 Dec  3 13:01 minishell_output.txt
-rwxr-xr-x 1 root root  1659 Dec  3 11:22 process_outputs.sh
-rwxr-xr-x 1 root root  1008 Dec  3 11:22 remove_escape_codes.sh
-rwxr-xr-x 1 root root   826 Dec  3 11:22 run_bash.expect
-rwxr-xr-x 1 root root   721 Dec  3 11:22 run_minishell.expect
-rwxr-xr-x 1 root root 12040 Dec  3 11:22 run_test.sh
-rw-r--r-- 1 root root     6 Dec  3 13:02 test
-rw-r--r-- 1 root root   262 Dec  3 13:01 test_commands.txt
0
jeportie@minishell $> /usr/bin/cat lib
/usr/bin/cat: lib: No such file or directory
1
jeportie@minishell $> /usr/bin/cat -e lib
/usr/bin/cat: lib: No such file or directory
1
jeportie@minishell $> /bin/ls-l
bash: /bin/ls-l: No such file or directory
127
jeportie@minishell $> /usr/bin/cat-e
bash: /usr/bin/cat-e: No such file or directory
127
jeportie@minishell $> echo

0
jeportie@minishell $> echo test
test
0
jeportie@minishell $> echo ../lib
../lib
0
jeportie@minishell $> echo -n
0
jeportie@minishell $> echo -n test
0
jeportie@minishell $> echo -nnnnnnnn test
0
jeportie@minishell $> echo -n -nnnn -n test
0
jeportie@minishell $> echo -n n-nnnn -n test
0
jeportie@minishell $> exit
exit
