jeportie@minishell $> echo hello
heecho -n test
llo
echo -nnnnnnnn test
0
jeportie@minishell $> ls
echo -n -nnnn -n test
bash_output.txt  minishell_output.txt  process_outputs.sh  remove_escape_codes.sh  run_bash.expect  run_minishell.expect  run_test.sh  test  test_commands.txt
0
jeportie@minishell $> touch test
0
jeportie@minishell $> echo hello > test
hello
0
jeportie@minishell $> cat -e test
0
jeportie@minishell $> expr $? + $?
0
1
jeportie@minishell $> /bin/ls
bash_output.txt  minishell_output.txt  process_outputs.sh  remove_escape_codes.sh  run_bash.expect  run_minishell.expect  run_test.sh  test  test_commands.txt
0
jeportie@minishell $> /bin/ls -l
total 40
-rw-r--r-- 1 root root  3779 Dec  3 13:02 bash_output.txt
-rw-r--r-- 1 root root  1542 Dec  3 13:02 minishell_output.txt
-rwxr-xr-x 1 root root  1659 Dec  3 11:22 process_outputs.sh
-rwxr-xr-x 1 root root  1008 Dec  3 11:22 remove_escape_codes.sh
-rwxr-xr-x 1 root root   826 Dec  3 11:22 run_bash.expect
-rwxr-xr-x 1 root root   721 Dec  3 11:22 run_minishell.expect
-rwxr-xr-x 1 root root 12040 Dec  3 11:22 run_test.sh
-rw-r--r-- 1 root root     0 Dec  3 13:02 test
-rw-r--r-- 1 root root   262 Dec  3 13:01 test_commands.txt
0
jeportie@minishell $> /usr/bin/cat lib
/usr/bin/cat: lib: No such file or directory
1
jeportie@minishell $> /usr/bin/cat -e lib
/usr/bin/cat: lib: No such file or directory
1
jeportie@minishell $> /bin/ls-l
minishell: command not found: /bin/ls-l
127
jeportie@minishell $> /usr/bin/cat-e
minishell: command not found: /usr/bin/cat-e
127
jeportie@minishell $> echo

127
jeportie@minishell $> echo test
test
127
jeportie@minishell $> echo ../lib
../lib
127
jeportie@minishell $> echo -n
127
jeportie@minishell $> echo -n test
127
jeportie@minishell $> echo -nnnnnnnn test
127
jeportie@minishell $> echo -n -nnnn -n test
127
jeportie@minishell $> echo -n n-nnnn -n test
127
jeportie@minishell $> exit
exit
