jeportie@minishell $> ls
animated_banner.py  noanimated_banner.py  process_outputs.sh  remove_escape_codes.sh  run_bash.expect  run_minishell.expect  run_test.sh  test_commands  test_dir  test_outputs
0
jeportie@minishell $> man
This system has been minimized by removing packages and content that are
not required on a system that users do not log into.

To restore this content, including manpages, you can run the 'unminimize'
command. You will still need to ensure the 'man-db' package is installed.
0
jeportie@minishell $> git remote -v
origin	git@github.com:jeportie/minishell.git (fetch)
origin	git@github.com:jeportie/minishell.git (push)
0
jeportie@minishell $> touch test
0
jeportie@minishell $> echo test > test
0
jeportie@minishell $> cat -e test
test$
0
jeportie@minishell $> expr $? + $?
0
1
jeportie@minishell $> /bin/ls
animated_banner.py  noanimated_banner.py  process_outputs.sh  remove_escape_codes.sh  run_bash.expect  run_minishell.expect  run_test.sh  test	test_commands  test_dir  test_outputs
0
jeportie@minishell $> /usr/bin/cat test
test
0
jeportie@minishell $> /usr/bin/cat -e test
test$
0
jeportie@minishell $> /bin/ls-l
bash: /bin/ls-l: No such file or directory
127
jeportie@minishell $> /usr/bin/cat-e
bash: /usr/bin/cat-e: No such file or directory
127
jeportie@minishell $> rm test
0
