jeportie@minishell $> ( echo "Inside subshell" && pwd )
Inside subshell
/root/projects/minishell/test_minishell
0
jeportie@minishell $> ( cd test_dir && ls )
a1  a2	a3  a4	b1  b2	b3  b4	src
0
jeportie@minishell $> ( env | grep SHLVL )
SHLVL=3
0
jeportie@minishell $> ls | (cat)
animated_banner.py
noanimated_banner.py
process_outputs.sh
remove_escape_codes.sh
run_bash.expect
run_minishell.expect
run_test.sh
test
test_commands
test_dir
test_outputs
0
jeportie@minishell $> ls | (cat | (cat -e > test))
bash: test: No such file or directory
1
jeportie@minishell $> cat test
cat: test: Is a directory
1
jeportie@minishell $> rm test
rm: cannot remove 'test': Is a directory
1
jeportie@minishell $> (export TEST=ok) && env | grep TEST
1
jeportie@minishell $> (mkdir test && cd test && pwd) && pwd && rm -rf test
mkdir: cannot create directory 'test': File exists
1
