jeportie@minishell $> pwd > test
bash: test: No such file or directory
1
jeportie@minishell $> cat test
cat: test: Is a directory
1
jeportie@minishell $> rm test
rm: cannot remove 'test': Is a directory
1
jeportie@minishell $> cd ..
0
jeportie@minishell $> pwd
/root/projects/minishell
0
jeportie@minishell $> cd -
/root/projects/minishell/test_minishell
0
jeportie@minishell $> pwd
/root/projects/minishell/test_minishell
0
jeportie@minishell $> pwd
/root/projects/minishell/test_minishell
0
jeportie@minishell $> cd test_dir
0
jeportie@minishell $> pwd
/root/projects/minishell/test_minishell/test_dir
0
jeportie@minishell $> cd ..
0
jeportie@minishell $> pwd
/root/projects/minishell/test_minishell
0
jeportie@minishell $> echo "Testing echo builtin"
Testing echo builtin
0
