jeportie@minishell $> ls
animated_banner.py  noanimated_banner.py  process_outputs.sh  remove_escape_codes.sh  run_bash.expect  run_minishell.expect  run_test.sh  test_commands  test_dir  test_outputs
0
jeportie@minishell $> df -h
Filesystem                                  Size  Used Avail Use% Mounted on
overlay                                      35G   23G   11G  70% /
tmpfs                                        64M     0   64M   0% /dev
shm                                          64M     0   64M   0% /dev/shm
/dev/sda                                    4.7G  853M  3.9G  18% /root/.ssh
/dev/mapper/ubuntu--vg-ubuntu--lv--goinfre   35G   23G   11G  70% /etc/hosts
tmpfs                                       7.7G     0  7.7G   0% /proc/asound
tmpfs                                       7.7G     0  7.7G   0% /proc/acpi
tmpfs                                       7.7G     0  7.7G   0% /proc/scsi
tmpfs                                       7.7G     0  7.7G   0% /sys/firmware
tmpfs                                       7.7G     0  7.7G   0% /sys/devices/virtual/powercap
0
jeportie@minishell $> man
This system has been minimized by removing packages and content that are
not required on a system that users do not log into.

To restore this content, including manpages, you can run the 'unminimize'
command. You will still need to ensure the 'man-db' package is installed.
0
jeportie@minishell $> git remote -v
origin	git@github.com:jeportie/minishell.git (fetch)
origin	git@github.com:jeportie/minishell.git (push)
0
jeportie@minishell $> touch test
0
jeportie@minishell $> echo test > test
0
jeportie@minishell $> cat -e test
test$
0
jeportie@minishell $> expr $? + $?
0
1
jeportie@minishell $> /bin/ls
animated_banner.py  noanimated_banner.py  process_outputs.sh  remove_escape_codes.sh  run_bash.expect  run_minishell.expect  run_test.sh  test	test_commands  test_dir  test_outputs
0
jeportie@minishell $> /usr/bin/cat test
test
0
jeportie@minishell $> /usr/bin/cat -e test
test$
0
jeportie@minishell $> /bin/ls-l
bash: /bin/ls-l: No such file or directory
127
jeportie@minishell $> /usr/bin/cat-e
bash: /usr/bin/cat-e: No such file or directory
127
jeportie@minishell $> rm test
0
