jeportie@minishell $> echo

0
jeportie@minishell $> echo Hello
Hello
0
jeportie@minishell $> echo je suis un test
je suis un test
0
jeportie@minishell $> echo "Helo"
Helo
0
jeportie@minishell $> echo "je suis un test"
je suis un test
0
jeportie@minishell $> echo 'Hello'
Hello
0
jeportie@minishell $> echo 'je suis un test'
je suis un test
0
jeportie@minishell $> echo "Hello" "je suis un test"
Hello je suis un test
0
jeportie@minishell $> echo 'Hello' 'je suis un test'
Hello je suis un test
0
jeportie@minishell $> echo Hello "je suis un test"
Hello je suis un test
0
jeportie@minishell $> echo Hello 'je suis un test'
Hello je suis un test
0
jeportie@minishell $> echo -n
0
jeportie@minishell $> echo -n Hello
0
jeportie@minishell $> echo -n je suis un test
0
jeportie@minishell $> echo -n "Helo"
0
jeportie@minishell $> echo -n "je suis un test"
0
jeportie@minishell $> echo -n 'Hello'
0
jeportie@minishell $> echo -n 'je suis un test'
0
jeportie@minishell $> echo -n "Hello" "je suis un test"
0
jeportie@minishell $> echo -n 'Hello' 'je suis un test'
0
jeportie@minishell $> echo -n Hello "je suis un test"
0
jeportie@minishell $> echo -n Hello 'je suis un test'
0
jeportie@minishell $> echo -nnnnnnnnnnnnnnnn -n -n
0
jeportie@minishell $> echo -nnnnnnnnnnnnnnnn n-n -n Hello
0
jeportie@minishell $> echo -nnnnnnnnnnnnnnnn -n -nnnnnn-nnnnnnn je suis un test
0
jeportie@minishell $> echo Hello > test
bash: test: No such file or directory
1
jeportie@minishell $> cat test
cat: test: Is a directory
1
jeportie@minishell $> echo -n Hello > test
bash: test: No such file or directory
1
jeportie@minishell $> cat test
cat: test: Is a directory
1
jeportie@minishell $> echo Hello je suis un test > test
bash: test: No such file or directory
1
jeportie@minishell $> cat test
cat: test: Is a directory
1
jeportie@minishell $> echo -n Hello je suis un test > test
bash: test: No such file or directory
1
jeportie@minishell $> cat test
cat: test: Is a directory
1
jeportie@minishell $> echo < test

0
jeportie@minishell $> rm test
rm: cannot remove 'test': Is a directory
1
