jeportie@minishell $> pwd
/root/projects/minishell/test_integrated
0
jeportie@minishell $> cd test_dir
bash: cd: test_dir: No such file or directory
1
jeportie@minishell $> pwd
/root/projects/minishell/test_integrated
0
jeportie@minishell $> cd src
bash: cd: src: No such file or directory
1
jeportie@minishell $> pwd
/root/projects/minishell/test_integrated
0
jeportie@minishell $> cd ../..
0
jeportie@minishell $> pwd
/root/projects
0
jeportie@minishell $> pwd -
/root/projects
0
jeportie@minishell $> pwd 123
/root/projects
0
jeportie@minishell $> pwd > test
0
jeportie@minishell $> cat < test
/root/projects
0
jeportie@minishell $> pwd >> test
0
jeportie@minishell $> cat < test
/root/projects
/root/projects
0
