jeportie@minishell $> echo hello > test
0
jeportie@minishell $> cat -e < test
hello$
0
jeportie@minishell $> cat < test > outfile1 > outfile2
0
jeportie@minishell $> cat -e < outfile1
0
jeportie@minishell $> cat -e < outfile2
hello$
0
jeportie@minishell $> rm outfile1
0
jeportie@minishell $> rm outfile2
0
jeportie@minishell $> rm test
0
jeportie@minishell $> echo hello > outfile2
0
jeportie@minishell $> export a=outfile2
0
jeportie@minishell $> cat < $a > outfile1
0
jeportie@minishell $> cat < outfile
bash: outfile: No such file or directory
1
jeportie@minishell $> cat < outfile1
hello
0
jeportie@minishell $> cat < $a
hello
0
jeportie@minishell $> rm outfile1
0
jeportie@minishell $> rm $a
0
jeportie@minishell $> pwd > test && echo hello >> test
0
jeportie@minishell $> cat < test
/root/projects/minishell/test_integrated
hello
0
jeportie@minishell $> rm test
0
jeportie@minishell $> echo "Hello" > file1
0
jeportie@minishell $> cat file1
Hello
0
jeportie@minishell $> echo ' World' >> file1
0
jeportie@minishell $> cat < file1
Hello
 World
0
jeportie@minishell $> cat file1
Hello
 World
0
jeportie@minishell $> rm file1
0
jeportie@minishell $> echo test > out0 > out1
0
jeportie@minishell $> cat < out0 > out2 -e < out1 > out3
0
jeportie@minishell $> cat < out1
test
0
jeportie@minishell $> cat < out2
0
jeportie@minishell $> cat < out3
test$
0
jeportie@minishell $> chmod 000 out3
0
jeportie@minishell $> cat < out3
test$
0
jeportie@minishell $> chmod 777 out3
0
jeportie@minishell $> chmod 000 out1
0
jeportie@minishell $> cat < out0 > out2 -e < out1 > out3
0
jeportie@minishell $> chmod 777 out1
0
jeportie@minishell $> rm out0
0
jeportie@minishell $> rm out1
0
jeportie@minishell $> rm out2
0
jeportie@minishell $> rm out3
0
jeportie@minishell $> tree > out && ../../../usr/bin/ps >> out -e
bash: ../../../usr/bin/ps: No such file or directory
127
jeportie@minishell $> /usr/bin/ls -l | cat -e >> out
0
jeportie@minishell $> chmod 000 out
0
jeportie@minishell $> df -h > out
0
jeportie@minishell $> chmod 777 out
0
jeportie@minishell $> ps -e >> out
0
jeportie@minishell $> cat < out -e
Filesystem      Size  Used Avail Use% Mounted on$
overlay         457G   71G  363G  17% /$
tmpfs            64M     0   64M   0% /dev$
shm              64M     0   64M   0% /dev/shm$
/dev/sda2       457G   71G  363G  17% /root/.ssh$
tmpfs           3.9G     0  3.9G   0% /proc/asound$
tmpfs           3.9G     0  3.9G   0% /proc/acpi$
tmpfs           3.9G     0  3.9G   0% /proc/scsi$
tmpfs           3.9G     0  3.9G   0% /sys/firmware$
tmpfs           3.9G     0  3.9G   0% /sys/devices/virtual/powercap$
    PID TTY          TIME CMD$
      1 pts/0    00:00:02 zsh$
   1343 ?        00:00:00 python3$
   1363 ?        00:00:00 clangd.main$
   2852 ?        00:00:00 python3$
   2872 ?        00:00:00 clangd.main$
   4820 ?        00:00:00 python3$
   4840 ?        00:00:01 clangd.main$
  11328 pts/0    00:00:00 run_test.sh$
  11330 pts/0    00:00:00 python3$
  12684 pts/0    00:00:00 run_bash.expect$
  12685 pts/1    00:00:00 bash$
  12729 pts/1    00:00:00 ps$
0
jeportie@minishell $> ls > out -l -a && df -h >> out
0
jeportie@minishell $> ps >> out -e || df > out -h
0
jeportie@minishell $> cat < out -e | wc > out -l
0
jeportie@minishell $> /bin/cat -e < Makefile | wc -l > out
bash: Makefile: No such file or directory
0
jeportie@minishell $> cat -e < Makefile | /usr/bin/wc > outfile -l
bash: Makefile: No such file or directory
0
jeportie@minishell $> cat -e < out
0$
0
jeportie@minishell $> chmod 000 out
0
jeportie@minishell $> rm out || chmod 777 out && rm out
rm: cannot remove 'out': No such file or directory
1
