gmarquis@minishell $> cd nonexistent_dir
bash: cd: nonexistent_dir: No such file or directory
gmarquis@minishell $> echo $?
1
gmarquis@minishell $> ls nonexistingfile
ls: cannot access 'nonexistingfile': No such file or directory
gmarquis@minishell $> echo $?
2
gmarquis@minishell $> cat < nonexistent_file
bash: nonexistent_file: No such file or directory
gmarquis@minishell $> echo $?
1
gmarquis@minishell $> grep
Usage: grep [OPTION]... PATTERNS [FILE]...
Try 'grep --help' for more information.
gmarquis@minishell $> echo $?
2
