jeportie@minishell $> echo hello > test
0
jeportie@minishell $> cat -e test
hello$
0
jeportie@minishell $> cat < test > outfile1 > outfile2
0
jeportie@minishell $> cat -e outfile1
0
jeportie@minishell $> cat -e outfile2
hello$
0
jeportie@minishell $> rm outfile1
0
jeportie@minishell $> rm outfile2
0
jeportie@minishell $> rm test
0
jeportie@minishell $> echo hello > Makefile
0
jeportie@minishell $> export a=Makefile
0
jeportie@minishell $> cat < $a > outfile1
0
jeportie@minishell $> cat outfile
cat: outfile: No such file or directory
1
jeportie@minishell $> rm outfile1
0
jeportie@minishell $> rm Makefile
0
jeportie@minishell $> pwd > test && echo hello >> test
0
jeportie@minishell $> cat test
/root/projects/minishell/test_integrated
hello
0
jeportie@minishell $> rm test
0
