jeportie@minishell $> ls
animated_banner.py  noanimated_banner.py  out0	out1  outfile  process_outputs.sh  remove_escape_codes.sh  run_bash.expect  run_minishell.expect  run_test.sh  test_2.txt  test_cd  test_commands  test_outputs
0
jeportie@minishell $> cd test_dir
minishell: cd: test_dir: No such file or directory
0
jeportie@minishell $> ls -l
total 76
-rwxr-xr-x 1 root root  5894 Jan  3 18:54 animated_banner.py
-rwxr-xr-x 1 root root  1674 Jan  3 18:54 noanimated_banner.py
-rw-r--r-- 1 root root     0 Jan  3 19:04 out0
-rw-r--r-- 1 root root     5 Jan  3 19:04 out1
-rw-r--r-- 1 root root     2 Jan  3 19:04 outfile
-rwxr-xr-x 1 root root  1892 Jan  3 18:54 process_outputs.sh
-rwxr-xr-x 1 root root  1115 Jan  3 18:54 remove_escape_codes.sh
-rwxr-xr-x 1 root root  1839 Jan  3 18:54 run_bash.expect
-rwxr-xr-x 1 root root  1745 Jan  3 18:54 run_minishell.expect
-rwxr-xr-x 1 root root 22565 Jan  3 18:54 run_test.sh
-rw-r--r-- 1 root root     2 Jan  3 19:15 test_2.txt
drwxr-xr-x 3 root root  4096 Jan  3 19:15 test_cd
drwxr-xr-x 2 root root  4096 Jan  3 19:04 test_commands
drwxr-xr-x 2 root root  4096 Jan  3 19:16 test_outputs
0
jeportie@minishell $> ls -la
total 132
drwxr-xr-x  5 root   root    4096 Jan  3 19:16 .
drwxrwxr-x 11 ubuntu ubuntu  4096 Jan  3 19:15 ..
-rw-r--r--  1 root   root       6 Jan  3 19:04 .ms_tmpfile_0
-rw-r--r--  1 root   root      10 Jan  3 19:04 .ms_tmpfile_1
-rw-r--r--  1 root   root       6 Jan  3 19:04 .ms_tmpfile_10
-rw-r--r--  1 root   root       6 Jan  3 19:04 .ms_tmpfile_11
-rw-r--r--  1 root   root      12 Jan  3 19:04 .ms_tmpfile_2
-rw-r--r--  1 root   root      19 Jan  3 19:04 .ms_tmpfile_3
-rw-r--r--  1 root   root      26 Jan  3 19:04 .ms_tmpfile_4
-rw-r--r--  1 root   root       6 Jan  3 19:04 .ms_tmpfile_5
-rw-r--r--  1 root   root      10 Jan  3 19:04 .ms_tmpfile_6
-rw-r--r--  1 root   root      12 Jan  3 19:04 .ms_tmpfile_7
-rw-r--r--  1 root   root      19 Jan  3 19:04 .ms_tmpfile_8
-rw-r--r--  1 root   root      26 Jan  3 19:04 .ms_tmpfile_9
-rwxr-xr-x  1 root   root    5894 Jan  3 18:54 animated_banner.py
-rwxr-xr-x  1 root   root    1674 Jan  3 18:54 noanimated_banner.py
-rw-r--r--  1 root   root       0 Jan  3 19:04 out0
-rw-r--r--  1 root   root       5 Jan  3 19:04 out1
-rw-r--r--  1 root   root       2 Jan  3 19:04 outfile
-rwxr-xr-x  1 root   root    1892 Jan  3 18:54 process_outputs.sh
-rwxr-xr-x  1 root   root    1115 Jan  3 18:54 remove_escape_codes.sh
-rwxr-xr-x  1 root   root    1839 Jan  3 18:54 run_bash.expect
-rwxr-xr-x  1 root   root    1745 Jan  3 18:54 run_minishell.expect
-rwxr-xr-x  1 root   root   22565 Jan  3 18:54 run_test.sh
-rw-r--r--  1 root   root       2 Jan  3 19:15 test_2.txt
drwxr-xr-x  3 root   root    4096 Jan  3 19:15 test_cd
drwxr-xr-x  2 root   root    4096 Jan  3 19:04 test_commands
drwxr-xr-x  2 root   root    4096 Jan  3 19:16 test_outputs
0
jeportie@minishell $> cat -e .
cat: .: Is a directory
1
jeportie@minishell $> cat /etc/passwd
root:x:0:0:root:/root:/usr/bin/zsh
daemon:x:1:1:daemon:/usr/sbin:/usr/sbin/nologin
bin:x:2:2:bin:/bin:/usr/sbin/nologin
sys:x:3:3:sys:/dev:/usr/sbin/nologin
sync:x:4:65534:sync:/bin:/bin/sync
games:x:5:60:games:/usr/games:/usr/sbin/nologin
man:x:6:12:man:/var/cache/man:/usr/sbin/nologin
lp:x:7:7:lp:/var/spool/lpd:/usr/sbin/nologin
mail:x:8:8:mail:/var/mail:/usr/sbin/nologin
news:x:9:9:news:/var/spool/news:/usr/sbin/nologin
uucp:x:10:10:uucp:/var/spool/uucp:/usr/sbin/nologin
proxy:x:13:13:proxy:/bin:/usr/sbin/nologin
www-data:x:33:33:www-data:/var/www:/usr/sbin/nologin
backup:x:34:34:backup:/var/backups:/usr/sbin/nologin
list:x:38:38:Mailing List Manager:/var/list:/usr/sbin/nologin
irc:x:39:39:ircd:/run/ircd:/usr/sbin/nologin
_apt:x:42:65534::/nonexistent:/usr/sbin/nologin
nobody:x:65534:65534:nobody:/nonexistent:/usr/sbin/nologin
ubuntu:x:1000:1000:Ubuntu:/home/ubuntu:/bin/bash
messagebus:x:100:102::/nonexistent:/usr/sbin/nologin
0
jeportie@minishell $> which grep
/usr/bin/grep
0
jeportie@minishell $> /bin/echo "External echo"
External echo
0
jeportie@minishell $> grep
Usage: grep [OPTION]... PATTERNS [FILE]...
Try 'grep --help' for more information.
2
