gmarquis@minishell $> cd nonexistent_dir
minishell: cd: nonexistent_dir: No such file or directory
gmarquis@minishell $> echo $?
0
gmarquis@minishell $> ls nonexistingfile
ls: cannot access 'nonexistingfile': No such file or directory
gmarquis@minishell $> echo $?
2
<<<<<<< HEAD
jeportie@minishell $> cat < nonexistent_file
minishell: nonexistent_file: No such file or directory
minishell: Failed to open nonexistent_file
=======
gmarquis@minishell $> cat < nonexistent_file
Open failed
gmarquis@minishell $> echo $?
>>>>>>> first_review
2
gmarquis@minishell $> grep
Usage: grep [OPTION]... PATTERNS [FILE]...
Try 'grep --help' for more information.
gmarquis@minishell $> echo $?
2
