jeportie@minishell $> echo

0
jeportie@minishell $> echo Hello
Hello
0
jeportie@minishell $> echo je suis un test
je suis un test
0
jeportie@minishell $> echo "je suis un test"
je suis un test
0
jeportie@minishell $> echo 'je suis un test'
je suis un test
0
jeportie@minishell $> echo "je suis" "un test"
je suis un test
0
jeportie@minishell $> echo 'je suis "un test"'
je suis "un test"
0
jeportie@minishell $> echo je suis' un "test'"
Minishell: syntax error near unexpected token `"'
2
jeportie@minishell $> "
Minishell: syntax error near unexpected token `"'
2
