jeportie@minishell $> echo hello
hello
0
jeportie@minishell $> ls
animated_banner.py  process_outputs.sh	remove_escape_codes.sh	run_bash.expect  run_minishell.expect  run_test.sh  test_commands  test_dir  test_outputs
0
jeportie@minishell $> touch test
0
jeportie@minishell $> echo hello > test
0
jeportie@minishell $> cat -e test
hello$
0
jeportie@minishell $> rm test
0
jeportie@minishell $> expr $? + $?
0
1
jeportie@minishell $> /bin/ls
animated_banner.py  process_outputs.sh	remove_escape_codes.sh	run_bash.expect  run_minishell.expect  run_test.sh  test_commands  test_dir  test_outputs
0
jeportie@minishell $> /usr/bin/cat lib
/usr/bin/cat: lib: No such file or directory
1
jeportie@minishell $> /usr/bin/cat -e lib
/usr/bin/cat: lib: No such file or directory
1
jeportie@minishell $> /bin/ls-l
bash: /bin/ls-l: No such file or directory
127
jeportie@minishell $> /usr/bin/cat-e
bash: /usr/bin/cat-e: No such file or directory
127
